
> banhtamcodao.new@0.1.0 build
> next build --turbopack

   Γû▓ Next.js 15.5.4 (Turbopack)
   - Environments: .env.local

   Creating an optimized production build ...
 Γ£ô Finished writing to disk in 314ms
 Γ£ô Compiled successfully in 13.1s
   Linting and checking validity of types ...
node.exe : 
At line:1 char:1
+ & "C:\Program Files\nodejs/node.exe" 
"C:\Users\minhq\AppData\Roaming\ ...
+ ~~~~~~~~~~~~~~~~~~~~~~~~~~~~~~~~~~~~~~~~~~~~~~~~~~~~~~~~
~~~~~~~~~~~~~
    + CategoryInfo          : NotSpecified: (:String) [], 
    RemoteException
    + FullyQualifiedErrorId : NativeCommandError
 
Failed to compile.

./src/components/Testimonials.js
98:41  Error: `"` can be escaped with `&quot;`, 
`&ldquo;`, `&#34;`, `&rdquo;`.  
react/no-unescaped-entities
98:73  Error: `"` can be escaped with `&quot;`, 
`&ldquo;`, `&#34;`, `&rdquo;`.  
react/no-unescaped-entities

./src/context/ToastContext.js
23:8  Warning: React Hook useEffect has a missing 
dependency: 'handleRemove'. Either include it or remove 
the dependency array.  react-hooks/exhaustive-deps

info  - Need to disable some ESLint rules? Learn more 
here: https://nextjs.org/docs/app/api-reference/config/esl
int#disabling-rules
